230 páginas com período a reclassificar
Loading weights:   0%|          | 0/617 [00:00<?, ?it/s]Loading weights: 100%|██████████| 617/617 [00:00<00:00, 9305.19it/s]
  0/230 0.3min p13: 10 células -> rio-1883-barometre
  10/230 2.6min p28: 17 células -> None
  20/230 5.2min p42: 17 células -> None
  30/230 7.8min p57: 12 células -> None
  40/230 10.5min p75: 13 células -> rio-1883-thermo
  50/230 13.2min p89: 13 células -> rio-1883-thermo
  60/230 16.0min p103: 29 células -> None
  70/230 18.8min p121: 9 células -> rio-1883-vapeur
  80/230 21.7min p154: 15 células -> None
  90/230 24.2min p168: 12 células -> None
  100/230 26.6min p180: 10 células -> rio-1883-barometre
  110/230 28.9min p195: 17 células -> None
  120/230 31.5min p211: 17 células -> None
  130/230 34.3min p226: 69 células -> None
  140/230 36.8min p241: 17 células -> None
  150/230 39.9min p260: 31 células -> None
  160/230 42.9min p291: 10 células -> rio-1883-barometre
  170/230 45.6min p307: 10 células -> rio-1883-barometre
  180/230 47.8min p322: 17 células -> None
  190/230 50.0min p338: 17 células -> None
  200/230 52.4min p352: 30 células -> None
  210/230 54.4min p368: 41 células -> None
  220/230 56.8min p385: 40 células -> None

contagem de células: {17: 37, 10: 25, 15: 20, 13: 17, 29: 15, 12: 13, 16: 10, 32: 10, 9: 9, 79: 9, 14: 8, 2: 6, 11: 6, 42: 3, 34: 2, 53: 2, 30: 2, 69: 2, 31: 2, 46: 2, 18: 2, 20: 2, 26: 1, 25: 1, 96: 1, 94: 1, 153: 1, 51: 1, 78: 1, 76: 1, 155: 1, 154: 1, 35: 1, 48: 1, 33: 1, 90: 1, 80: 1, 99: 1, 156: 1, 72: 1, 19: 1, 39: 1, 41: 1, 28: 1, 40: 1, 23: 1, 84: 1, 123: 1}
perfis: {'rio-1883-barometre': 25, None: 179, 'rio-1883-thermo': 17, 'rio-1883-vapeur': 9}
worklist: 51 páginas -> data/g4/worklist_annales.json
Loading weights:   0%|          | 0/617 [00:00<?, ?it/s]Loading weights: 100%|██████████| 617/617 [00:00<00:00, 9586.39it/s]
  Annales 8/13 1883-01 rio-1883-barometre: 33 rows  checks_pass=27 qc_clean=0 flagged=6  [rows did not close]
  Annales 8/17 1883-01 rio-1883-thermo: 31 rows  checks_pass=24 qc_clean=0 flagged=7
  Annales 8/25 1883-02 rio-1883-thermo: 28 rows  checks_pass=19 qc_clean=0 flagged=9
  Annales 8/27 1883-02 rio-1883-thermo: 19 rows  checks_pass=0 qc_clean=0 flagged=19  [rows did not close]
  Annales 8/29 1883-03 rio-1883-barometre: 31 rows  checks_pass=29 qc_clean=0 flagged=2
  Annales 8/31 1883-03 rio-1883-vapeur: 33 rows  checks_pass=0 qc_clean=30 flagged=3  [rows did not close]
  Annales 8/33 1883-03 rio-1883-thermo: 31 rows  checks_pass=28 qc_clean=0 flagged=3
  Annales 8/41 1883-04 rio-1883-thermo: 30 rows  checks_pass=25 qc_clean=0 flagged=5
  Annales 8/45 1883-05 rio-1883-barometre: 35 rows  checks_pass=30 qc_clean=0 flagged=5  [rows did not close]
  Annales 8/53 1883-06 rio-1883-barometre: 30 rows  checks_pass=28 qc_clean=0 flagged=2
  Annales 8/61 1883-07 rio-1883-barometre: 33 rows  checks_pass=29 qc_clean=0 flagged=4  [rows did not close]
  Annales 8/65 1883-07 rio-1883-thermo: 34 rows  checks_pass=23 qc_clean=1 flagged=10  [rows did not close]
  Annales 8/67 1883-07 rio-1883-thermo: 21 rows  checks_pass=0 qc_clean=0 flagged=21  [rows did not close]
  Annales 8/75 1883-08 rio-1883-thermo: 31 rows  checks_pass=0 qc_clean=0 flagged=31
  Annales 8/77 1883-09 rio-1883-barometre: 34 rows  checks_pass=28 qc_clean=0 flagged=6  [rows did not close]
  Annales 8/89 1883-10 rio-1883-thermo: 32 rows  checks_pass=22 qc_clean=0 flagged=10  [rows did not close]
  Annales 8/91 1883-10 rio-1883-thermo: 31 rows  checks_pass=0 qc_clean=0 flagged=31
  Annales 8/93 1883-11 rio-1883-barometre: 32 rows  checks_pass=25 qc_clean=0 flagged=7  [rows did not close]
  Annales 8/95 1883-11 rio-1883-vapeur: 32 rows  checks_pass=30 qc_clean=0 flagged=2  [rows did not close]
  Annales 8/101 1883-12 rio-1883-barometre: 30 rows  checks_pass=24 qc_clean=0 flagged=6  [rows did not close]
  Annales 8/105 1883-12 rio-1883-thermo: 31 rows  checks_pass=26 qc_clean=0 flagged=5
  Annales 8/111 1883-02 rio-1883-barometre: preflight falhou (1/3 linhas com número de dia), página ignorada
  Annales 8/119 1883-06 rio-1883-barometre: preflight falhou (1/3 linhas com número de dia), página ignorada
  Annales 8/121 1883-07 rio-1883-vapeur: 5 rows  checks_pass=1 qc_clean=0 flagged=4  [rows did not close]
  Annales 8/148 1884-01 rio-1883-barometre: 34 rows  checks_pass=27 qc_clean=0 flagged=7  [rows did not close]
  Annales 8/150 1884-01 rio-1883-vapeur: 21 rows  checks_pass=19 qc_clean=0 flagged=2  [rows did not close]
  Annales 8/158 1884-02 rio-1883-vapeur: 21 rows  checks_pass=20 qc_clean=0 flagged=1  [rows did not close]
  Annales 8/164 1884-03 rio-1883-barometre: 33 rows  checks_pass=28 qc_clean=0 flagged=5  [rows did not close]
  Annales 8/166 1884-03 rio-1883-vapeur: 33 rows  checks_pass=29 qc_clean=0 flagged=4  [rows did not close]
  Annales 8/172 1884-04 rio-1883-barometre: 32 rows  checks_pass=23 qc_clean=0 flagged=9  [rows did not close]
  Annales 8/174 1884-04 rio-1883-barometre: 21 rows  checks_pass=21 qc_clean=0 flagged=0  [rows did not close]
  Annales 8/180 1884-05 rio-1883-barometre: 16 rows  checks_pass=13 qc_clean=0 flagged=3  [rows did not close]
  Annales 8/188 1884-06 rio-1883-barometre: 32 rows  checks_pass=23 qc_clean=0 flagged=9  [rows did not close]
  Annales 8/190 1884-06 rio-1883-barometre: 31 rows  checks_pass=25 qc_clean=1 flagged=5  [rows did not close]
  Annales 8/208 1884-08 rio-1883-thermo: 31 rows  checks_pass=29 qc_clean=0 flagged=2
  Annales 8/222 1884-10 rio-1883-vapeur: 9 rows  checks_pass=6 qc_clean=0 flagged=3  [rows did not close]
  Annales 8/228 1884-11 rio-1883-barometre: 4 rows  checks_pass=4 qc_clean=0 flagged=0  [rows did not close]
  Annales 8/236 1884-12 rio-1883-barometre: 33 rows  checks_pass=28 qc_clean=0 flagged=5  [rows did not close]
  Annales 8/287 1885-01 rio-1883-thermo: 33 rows  checks_pass=26 qc_clean=0 flagged=7  [rows did not close]
  Annales 8/291 1885-02 rio-1883-barometre: 21 rows  checks_pass=19 qc_clean=0 flagged=2  [rows did not close]
  Annales 8/299 1885-03 rio-1883-barometre: 31 rows  checks_pass=28 qc_clean=0 flagged=3
  Annales 8/307 1885-04 rio-1883-barometre: 23 rows  checks_pass=22 qc_clean=0 flagged=1  [rows did not close]
  Annales 8/309 1885-04 rio-1883-vapeur: 21 rows  checks_pass=20 qc_clean=0 flagged=1  [rows did not close]
  Annales 8/329 1885-06 rio-1883-thermo: 30 rows  checks_pass=0 qc_clean=0 flagged=30
  Annales 8/335 1885-07 rio-1883-thermo: 25 rows  checks_pass=16 qc_clean=0 flagged=9  [rows did not close]
  Annales 8/349 1885-09 rio-1883-barometre: 30 rows  checks_pass=1 qc_clean=0 flagged=29
  Annales 8/351 1885-09 rio-1883-thermo: 30 rows  checks_pass=28 qc_clean=0 flagged=2
  Annales 8/359 1885-10 rio-1883-thermo: 28 rows  checks_pass=26 qc_clean=0 flagged=2  [rows did not close]
  Annales 8/372 1885-12 rio-1883-barometre: 15 rows  checks_pass=0 qc_clean=0 flagged=15  [rows did not close]
  Annales 8/381 1885-03 rio-1883-vapeur: 10 rows  checks_pass=1 qc_clean=1 flagged=8  [rows did not close]
  Annales 8/391 1885-08 rio-1883-barometre: 5 rows  checks_pass=0 qc_clean=0 flagged=5  [rows did not close]

{"pages": 49, "refused": 2, "rows": 1300, "checks_pass": 900, "qc_clean": 33, "flagged": 367, "minutes": 104.3}
wrote data/dataset/annales_full.jsonl
